#-----------------------------------------------------------
# Vivado v2020.2 (64-bit)
# SW Build 3064766 on Wed Nov 18 09:12:45 MST 2020
# IP Build 3064653 on Wed Nov 18 14:17:31 MST 2020
# Start of session at: Mon Mar 22 23:00:22 2021
# Process ID: 19908
# Current directory: D:/Documents/pPIM/pPIM_ISA
# Command line: vivado.exe -gui_launcher_event rodinguilauncherevent18792 D:\Documents\pPIM\pPIM_ISA\pPIM_ISA.xpr
# Log file: D:/Documents/pPIM/pPIM_ISA/vivado.log
# Journal file: D:/Documents/pPIM/pPIM_ISA\vivado.jou
#-----------------------------------------------------------
start_guopopen_project D:/Documents/pPIM/pPIM_ISA/pPIM_ISA.xpupupdate_compile_order -fileset sources_# Disabling source management mode.  This is to allow the top design properties to be set without GUI intervention.
set_property source_mgmt_mode None [current_project]
set_property top ISA [current_fileset]
# Re-enabling previously disabled source management mode.
set_property source_mgmt_mode All [current_project]
update_compile_order -fileset sources_1
set_property SOURCE_SET sources_1 [get_filesets sim_1]
close [ open D:/Documents/pPIM/pPIM_ISA/pPIM_ISA.srcs/sim_1/new/tb_ISA.v w ]
add_files -fileset sim_1 D:/Documents/pPIM/pPIM_ISA/pPIM_ISA.srcs/sim_1/new/tb_ISA.v
update_compile_order -fileset sim_1
# Disabling source management mode.  This is to allow the top design properties to be set without GUI intervention.
set_property source_mgmt_mode None [current_project]
set_property top tb_ISA [get_filesets sim_1]
set_property top_lib xil_defaultlib [get_filesets sim_1]
# Re-enabling previously disabled source management mode.
set_property source_mgmt_mode All [current_project]
update_compile_order -fileset sim_1
launch_simulation
source tb_ISA.tcl
close_sim
launch_simulation
source tb_ISA.tcl
close_sim
launch_simulation
source tb_ISA.tcl
relaunch_sim
relaunch_sim
relaunch_sim
relaunch_sim
close_sim
