#-----------------------------------------------------------
# Vivado v2020.2 (64-bit)
# SW Build 3064766 on Wed Nov 18 09:12:45 MST 2020
# IP Build 3064653 on Wed Nov 18 14:17:31 MST 2020
# Start of session at: Tue Mar 30 13:51:03 2021
# Process ID: 26108
# Current directory: D:/Documents/pPIM/pPIM_ISA
# Command line: vivado.exe -gui_launcher_event rodinguilauncherevent8020 D:\Documents\pPIM\pPIM_ISA\pPIM_ISA.xpr
# Log file: D:/Documents/pPIM/pPIM_ISA/vivado.log
# Journal file: D:/Documents/pPIM/pPIM_ISA\vivado.jou
#-----------------------------------------------------------
start_gui
open_project D:/Documents/pPIM/pPIM_ISA/pPIM_ISA.xpr
update_compile_order -fileset sources_1
launch_simulation
source microtableTB.tcl
relaunch_sim
relaunch_sim
relaunch_sim
relaunch_sim
relaunch_sim
close_sim
launch_simulation
source microtableTB.tcl
relaunch_sim
relaunch_sim
relaunch_sim
close_sim
# Disabling source management mode.  This is to allow the top design properties to be set without GUI intervention.
set_property source_mgmt_mode None [current_project]
set_property top Countertb [get_filesets sim_1]
set_property top_lib xil_defaultlib [get_filesets sim_1]
# Re-enabling previously disabled source management mode.
set_property source_mgmt_mode All [current_project]
# Disabling source management mode.  This is to allow the top design properties to be set without GUI intervention.
set_property source_mgmt_mode None [current_project]
set_property top counter [current_fileset]
# Re-enabling previously disabled source management mode.
set_property source_mgmt_mode All [current_project]
update_compile_order -fileset sim_1
update_compile_order -fileset sources_1
launch_simulation
source Countertb.tcl
relaunch_sim
close_sim
close_project
