#-----------------------------------------------------------
# Vivado v2020.2 (64-bit)
# SW Build 3064766 on Wed Nov 18 09:12:45 MST 2020
# IP Build 3064653 on Wed Nov 18 14:17:31 MST 2020
# Start of session at: Tue Mar 30 14:45:06 2021
# Process ID: 11288
# Current directory: D:/Documents/pPIM/pPIM_ISA
# Command line: vivado.exe -gui_launcher_event rodinguilauncherevent5580 D:\Documents\pPIM\pPIM_ISA\pPIM_ISA.xpr
# Log file: D:/Documents/pPIM/pPIM_ISA/vivado.log
# Journal file: D:/Documents/pPIM/pPIM_ISA\vivado.jou
#-----------------------------------------------------------
start_gui
open_project D:/Documents/pPIM/pPIM_ISA/pPIM_ISA.xpr
update_compile_order -fileset sources_1
# Disabling source management mode.  This is to allow the top design properties to be set without GUI intervention.
set_property source_mgmt_mode None [current_project]
set_property top ISA [current_fileset]
# Re-enabling previously disabled source management mode.
set_property source_mgmt_mode All [current_project]
update_compile_order -fileset sources_1
# Disabling source management mode.  This is to allow the top design properties to be set without GUI intervention.
set_property source_mgmt_mode None [current_project]
set_property top tb_ISA [get_filesets sim_1]
set_property top_lib xil_defaultlib [get_filesets sim_1]
# Re-enabling previously disabled source management mode.
set_property source_mgmt_mode All [current_project]
update_compile_order -fileset sim_1
launch_simulation
source tb_ISA.tcl
add_bp {D:/Documents/pPIM/pPIM_ISA/pPIM_ISA.srcs/sim_1/new/tb_ISA.v} 38
remove_bps -file {D:/Documents/pPIM/pPIM_ISA/pPIM_ISA.srcs/sim_1/new/tb_ISA.v} -line 38
add_bp {D:/Documents/pPIM/pPIM_ISA/pPIM_ISA.srcs/sim_1/new/tb_ISA.v} 42
relaunch_sim
add_bp {D:/Documents/pPIM/pPIM_ISA/pPIM_ISA.srcs/sim_1/new/tb_ISA.v} 47
remove_bps -file {D:/Documents/pPIM/pPIM_ISA/pPIM_ISA.srcs/sim_1/new/tb_ISA.v} -line 42
relaunch_sim
relaunch_sim
remove_bps -file {D:/Documents/pPIM/pPIM_ISA/pPIM_ISA.srcs/sim_1/new/tb_ISA.v} -line 47
relaunch_sim
relaunch_sim
relaunch_sim
relaunch_sim
relaunch_sim
